
> my-project@0.1.0 build
> next build

node.exe : ΓÜá Warning: 
Next.js inferred your 
workspace root, but it 
may not be correct.
At line:1 char:1
+ & "C:\Program 
Files\nodejs/node.exe" "C
:\Users\cc\AppData\Roamin
g\npm ...
+ ~~~~~~~~~~~~~~~~~~~~~~~
~~~~~~~~~~~~~~~~~~~~~~~~~
~~~~~~~~~~~~~~~~~~~~~
    + CategoryInfo       
       : NotS    
pecified: (ΓÜá     
Warning: Ne...n    ot be 
correct.:    String) [], 
Rem    oteException
    + FullyQualifie    
dErrorId : Nati    
veCommandError
 
 We detected multiple 
lockfiles and selected 
the directory of C:\Users
\cc\package-lock.json as 
the root directory.
 To silence this 
warning, set 
`turbopack.root` in your 
Next.js config, or 
consider removing one of 
the lockfiles if it's 
not needed.
   See https://nextjs.org
/docs/app/api-reference/c
onfig/next-config-js/turb
opack#root-directory for 
more information.
 Detected additional 
lockfiles: 
   * 
C:\Users\cc\OneDrive - 
Iowa State University\Des
ktop\MyPortfolio\package-
lock.json

Γû▓ Next.js 16.1.6 (Turbopack)
- Environments: .env.local

  Creating an optimized production build ...

> Build error occurred
Error: Turbopack build 
failed with 2 errors:
./OneDrive - Iowa State U
niversity/Desktop/MyPortf
olio/components/chat-widg
et.tsx:54:3
Parsing ecmascript 
source code failed
[0m [90m  52 |[39m   
}[33m;[39m
 [90m  53 |[39m
[31m[1m>[22m[39m[90m
  54 |[39m   
[36mreturn[39m (
 [90m     |[39m   [31m
[1m^[22m[39m[31m[1m^
[22m[39m[31m[1m^[22m
[39m[31m[1m^[22m[39m
[31m[1m^[22m[39m[31m
[1m^[22m[39m[31m[1m^
[22m[39m[31m[1m^[22m
[39m
[31m[1m>[22m[39m[90m
  55 |[39m     
[33m<[39m[33m>[39m
 [90m     |[39m [31m[
1m^[22m[39m[31m[1m^[
22m[39m[31m[1m^[22m[
39m[31m[1m^[22m[39m[
31m[1m^[22m[39m[31m[
1m^[22m[39m
[31m[1m>[22m[39m[90m
  56 |[39m       
{[90m/* Floating Toggle 
Button */[39m}
 [90m     |[39m [31m[
1m^[22m[39m[31m[1m^[
22m[39m[31m[1m^[22m[
39m[31m[1m^[22m[39m[
31m[1m^[22m[39m[31m[
1m^[22m[39m
[31m[1m>[22m[39m[90m
  57 |[39m       [33m<
[39m[33mmotion[39m[33m
.[39mbutton
 [90m     |[39m [31m[
1m^[22m[39m[31m[1m^[
22m[39m[31m[1m^[22m[
39m[31m[1m^[22m[39m[
31m[1m^[22m[39m[31m[
1m^[22m[39m
[31m[1m>[22m[39m[90m
  58 |[39m         
initial[33m=[39m{{ 
opacity[33m:[39m 
[35m0[39m[33m,[39m 
scale[33m:[39m 
[35m0.8[39m }}
 [90m     |[39m [31m[
1m^[22m[39m[31m[1m^[
22m[39m[31m[1m^[22m[
39m[31m[1m^[22m[39m[
31m[1m^[22m[39m[31m[
1m^[22m[39m
[31m[1m>[22m[39m[90m
  59 |[39m         
animate[33m=[39m{{ 
opacity[33m:[39m 
[35m1[39m[33m,[39m 
scale[33m:[39m 
[35m1[39m }}
 [90m     |[39m [31m[
1m^[22m[39m[31m[1m^[
22m[39m[31m[1m^[22m[
39m[31m[1m^[22m[39m[
31m[1m^[22m[39m[31m[
1m^[22m[39m
[31m[1m>[22m[39m[90m
  60 |[39m         
transition[33m=[39m{{ 
delay[33m:[39m 
[35m1[39m[33m,[39m 
duration[33m:[39m 
[35m0.5[39m }}
 [90m     |[39m [31m[
1m^[22m[39m[31m[1m^[
22m[39m[31m[1m^[22m[
39m[31m[1m^[22m[39m[
31m[1m^[22m[39m[31m[
1m^[22m[39m
[31m[1m>[22m[39m[90m
  61 |[39m         
onClick[33m=[39m{() 
[33m=>[39m setIsOpen([
33m![39misOpen)}
 [90m     |[39m [31m[
1m^[22m[39m[31m[1m^[
22m[39m[31m[1m^[22m[
39m[31m[1m^[22m[39m[
31m[1m^[22m[39m[31m[
1m^[22m[39m
[31m[1m>[22m[39m[90m
  62 |[39m         class
Name[33m=[39m{[32m`fix
ed bottom-6 right-6 z-50 
p-4 rounded-full 
shadow-2xl border 
transition-all 
duration-300 group[39m
 [90m     |[39m [31m[
1m^[22m[39m[31m[1m^[
22m[39m[31m[1m^[22m[
39m[31m[1m^[22m[39m[
31m[1m^[22m[39m[31m[
1m^[22m[39m
[31m[1m>[22m[39m[90m
  63 |[39m [32m        
  ${isOpen [39m
 [90m     |[39m [31m[
1m^[22m[39m[31m[1m^[
22m[39m[31m[1m^[22m[
39m[31m[1m^[22m[39m[
31m[1m^[22m[39m[31m[
1m^[22m[39m
[31m[1m>[22m[39m[90m
  64 |[39m [32m        
    ? "bg-destructive tex
t-destructive-foreground 
border-destructive/50" 
[39m
 [90m     |[39m [31m[
1m^[22m[39m[31m[1m^[
22m[39m[31m[1m^[22m[
39m[31m[1m^[22m[39m[
31m[1m^[22m[39m[31m[
1m^[22m[39m
[31m[1m>[22m[39m[90m
  65 |[39m [32m        
    : "bg-background/80 
backdrop-blur-md 
text-cyan border-cyan/50 
hover:bg-cyan/10 hover:sh
adow-[0_0_20px_rgba(6,182
,212,0.3)]"[39m
 [90m     |[39m [31m[
1m^[22m[39m[31m[1m^[
22m[39m[31m[1m^[22m[
39m[31m[1m^[22m[39m[
31m[1m^[22m[39m[31m[
1m^[22m[39m
[31m[1m>[22m[39m[90m
  66 |[39m [32m        
  }[39m
 [90m     |[39m [31m[
1m^[22m[39m[31m[1m^[
22m[39m[31m[1m^[22m[
39m[31m[1m^[22m[39m[
31m[1m^[22m[39m[31m[
1m^[22m[39m
[31m[1m>[22m[39m[90m
  67 |[39m [32m        
`[39m}
 [90m     |[39m [31m[
1m^[22m[39m[31m[1m^[
22m[39m[31m[1m^[22m[
39m[31m[1m^[22m[39m[
31m[1m^[22m[39m[31m[
1m^[22m[39m
[31m[1m>[22m[39m[90m
  68 |[39m       
[33m>[39m
 [90m     |[39m [31m[
1m^[22m[39m[31m[1m^[
22m[39m[31m[1m^[22m[
39m[31m[1m^[22m[39m[
31m[1m^[22m[39m[31m[
1m^[22m[39m
[31m[1m>[22m[39m[90m
  69 |[39m         
{isOpen [33m?[39m 
[33m<[39m[33mX[39m cl
assName[33m=[39m[32m"w
-6 h-6"[39m [35m/> : 
<Terminal className="w-6 
h-6" /[39m[33m>[39m}
 [90m     |[39m [31m[
1m^[22m[39m[31m[1m^[
22m[39m[31m[1m^[22m[
39m[31m[1m^[22m[39m[
31m[1m^[22m[39m[31m[
1m^[22m[39m
[31m[1m>[22m[39m[90m
  70 |[39m         
{[33m![39misOpen 
[33m&&[39m (
 [90m     |[39m [31m[
1m^[22m[39m[31m[1m^[
22m[39m[31m[1m^[22m[
39m[31m[1m^[22m[39m[
31m[1m^[22m[39m[31m[
1m^[22m[39m
[31m[1m>[22m[39m[90m
  71 |[39m            [
33m<[39m[33mspan[39m c
lassName[33m=[39m[32m"
absolute -top-1 -right-1 
w-3 h-3 bg-green-500 
rounded-full 
animate-pulse"[39m 
[33m/[39m[33m>[39m
 [90m     |[39m [31m[
1m^[22m[39m[31m[1m^[
22m[39m[31m[1m^[22m[
39m[31m[1m^[22m[39m[
31m[1m^[22m[39m[31m[
1m^[22m[39m
[31m[1m>[22m[39m[90m
  72 |[39m         )}
 [90m     |[39m [31m[
1m^[22m[39m[31m[1m^[
22m[39m[31m[1m^[22m[
39m[31m[1m^[22m[39m[
31m[1m^[22m[39m[31m[
1m^[22m[39m
[31m[1m>[22m[39m[90m
  73 |[39m       [33m<
[39m[33m/[39m[33mmotio
n[39m[33m.[39mbutton[
33m>[39m
 [90m     |[39m [31m[
1m^[22m[39m[31m[1m^[
22m[39m[31m[1m^[22m[
39m[31m[1m^[22m[39m[
31m[1m^[22m[39m[31m[
1m^[22m[39m
[31m[1m>[22m[39m[90m
  74 |[39m
 [90m     |[39m [31m[
1m^[22m[39m[31m[1m^[
22m[39m[31m[1m^[22m[
39m[31m[1m^[22m[39m[
31m[1m^[22m[39m[31m[
1m^[22m[39m
[31m[1m>[22m[39m[90m
  75 |[39m       
{[90m/* Chat Window 
*/[39m}
 [90m     |[39m [31m[
1m^[22m[39m[31m[1m^[
22m[39m[31m[1m^[22m[
39m[31m[1m^[22m[39m[
31m[1m^[22m[39m[31m[
1m^[22m[39m
[31m[1m>[22m[39m[90m
  76 |[39m       [33m<
[39m[33mAnimatePresence
[39m[33m>[39m
 [90m     |[39m [31m[
1m^[22m[39m[31m[1m^[
22m[39m[31m[1m^[22m[
39m[31m[1m^[22m[39m[
31m[1m^[22m[39m[31m[
1m^[22m[39m
[31m[1m>[22m[39m[90m
  77 |[39m         
{isOpen [33m&&[39m (
 [90m     |[39m [31m[
1m^[22m[39m[31m[1m^[
22m[39m[31m[1m^[22m[
39m[31m[1m^[22m[39m[
31m[1m^[22m[39m[31m[
1m^[22m[39m
[31m[1m>[22m[39m[90m
  78 |[39m           [3
3m<[39m[33mmotion[39m
[33m.[39mdiv
 [90m     |[39m [31m[
1m^[22m[39m[31m[1m^[
22m[39m[31m[1m^[22m[
39m[31m[1m^[22m[39m[
31m[1m^[22m[39m[31m[
1m^[22m[39m
[31m[1m>[22m[39m[90m
  79 |[39m             
initial[33m=[39m{{ 
opacity[33m:[39m 
[35m0[39m[33m,[39m 
y[33m:[39m 
[35m20[39m[33m,[39m 
scale[33m:[39m 
[35m0.95[39m }}
 [90m     |[39m [31m[
1m^[22m[39m[31m[1m^[
22m[39m[31m[1m^[22m[
39m[31m[1m^[22m[39m[
31m[1m^[22m[39m[31m[
1m^[22m[39m
[31m[1m>[22m[39m[90m
  80 |[39m             
animate[33m=[39m{{ 
opacity[33m:[39m 
[35m1[39m[33m,[39m 
y[33m:[39m 
[35m0[39m[33m,[39m 
scale[33m:[39m 
[35m1[39m }}
 [90m     |[39m [31m[
1m^[22m[39m[31m[1m^[
22m[39m[31m[1m^[22m[
39m[31m[1m^[22m[39m[
31m[1m^[22m[39m[31m[
1m^[22m[39m
[31m[1m>[22m[39m[90m
  81 |[39m             
exit[33m=[39m{{ 
opacity[33m:[39m 
[35m0[39m[33m,[39m 
y[33m:[39m 
[35m20[39m[33m,[39m 
scale[33m:[39m 
[35m0.95[39m }}
 [90m     |[39m [31m[
1m^[22m[39m[31m[1m^[
22m[39m[31m[1m^[22m[
39m[31m[1m^[22m[39m[
31m[1m^[22m[39m[31m[
1m^[22m[39m
[31m[1m>[22m[39m[90m
  82 |[39m             
transition[33m=[39m{{ 
duration[33m:[39m 
[35m0.2[39m }}
 [90m     |[39m [31m[
1m^[22m[39m[31m[1m^[
22m[39m[31m[1m^[22m[
39m[31m[1m^[22m[39m[
31m[1m^[22m[39m[31m[
1m^[22m[39m
[31m[1m>[22m[39m[90m
  83 |[39m             c
lassName[33m=[39m[32m"
fixed bottom-24 right-6 
z-50 w-[90vw] 
md:w-[400px] h-[500px] 
max-h-[70vh] flex 
flex-col rounded-xl 
overflow-hidden border 
border-cyan/30 
bg-[#030304]/95 
backdrop-blur-xl 
shadow-2xl"[39m
 [90m     |[39m [31m[
1m^[22m[39m[31m[1m^[
22m[39m[31m[1m^[22m[
39m[31m[1m^[22m[39m[
31m[1m^[22m[39m[31m[
1m^[22m[39m
[31m[1m>[22m[39m[90m
  84 |[39m           
[33m>[39m
 [90m     |[39m [31m[
1m^[22m[39m[31m[1m^[
22m[39m[31m[1m^[22m[
39m[31m[1m^[22m[39m[
31m[1m^[22m[39m[31m[
1m^[22m[39m
[31m[1m>[22m[39m[90m
  85 |[39m             
{[90m/* Header */[39m}
 [90m     |[39m [31m[
1m^[22m[39m[31m[1m^[
22m[39m[31m[1m^[22m[
39m[31m[1m^[22m[39m[
31m[1m^[22m[39m[31m[
1m^[22m[39m
[31m[1m>[22m[39m[90m
  86 |[39m             
[33m<[39m[33mdiv[39m 
className[33m=[39m[32m
"flex items-center 
justify-between px-4 
py-3 border-b 
border-cyan/20 bg-cyan/5"
[39m[33m>[39m
 [90m     |[39m [31m[
1m^[22m[39m[31m[1m^[
22m[39m[31m[1m^[22m[
39m[31m[1m^[22m[39m[
31m[1m^[22m[39m[31m[
1m^[22m[39m
[31m[1m>[22m[39m[90m
  87 |[39m              
 
[33m<[39m[33mdiv[39m 
className[33m=[39m[32m
"flex items-center 
gap-2"[39m[33m>[39m
 [90m     |[39m [31m[
1m^[22m[39m[31m[1m^[
22m[39m[31m[1m^[22m[
39m[31m[1m^[22m[39m[
31m[1m^[22m[39m[31m[
1m^[22m[39m
[31m[1m>[22m[39m[90m
  88 |[39m              
   
[33m<[39m[33mCpu[39m 
className[33m=[39m[32m
"w-4 h-4 text-cyan"[39m 
[33m/[39m[33m>[39m
 [90m     |[39m [31m[
1m^[22m[39m[31m[1m^[
22m[39m[31m[1m^[22m[
39m[31m[1m^[22m[39m[
31m[1m^[22m[39m[31m[
1m^[22m[39m
[31m[1m>[22m[39m[90m
  89 |[39m              
   [33m<[39m[33mspan[
39m className[33m=[39m
[32m"font-mono text-xs 
font-bold 
tracking-widest 
text-cyan uppercase"[39m
[33m>[39m
 [90m     |[39m [31m[
1m^[22m[39m[31m[1m^[
22m[39m[31m[1m^[22m[
39m[31m[1m^[22m[39m[
31m[1m^[22m[39m[31m[
1m^[22m[39m
[31m[1m>[22m[39m[90m
  90 |[39m              
     [33mAI[39m 
[33mAssistant[39m 
[90m// Online[39m
 [90m     |[39m [31m[
1m^[22m[39m[31m[1m^[
22m[39m[31m[1m^[22m[
39m[31m[1m^[22m[39m[
31m[1m^[22m[39m[31m[
1m^[22m[39m
[31m[1m>[22m[39m[90m
  91 |[39m              
   [33m<[39m[33m/[39m
[33mspan[39m[33m>[39m
 [90m     |[39m [31m[
1m^[22m[39m[31m[1m^[
22m[39m[31m[1m^[22m[
39m[31m[1m^[22m[39m[
31m[1m^[22m[39m[31m[
1m^[22m[39m
[31m[1m>[22m[39m[90m
  92 |[39m              
 [33m<[39m[33m/[39m[
33mdiv[39m[33m>[39m
 [90m     |[39m [31m[
1m^[22m[39m[31m[1m^[
22m[39m[31m[1m^[22m[
39m[31m[1m^[22m[39m[
31m[1m^[22m[39m[31m[
1m^[22m[39m
[31m[1m>[22m[39m[90m
  93 |[39m             
[33m<[39m[33m/[39m[33
mdiv[39m[33m>[39m
 [90m     |[39m [31m[
1m^[22m[39m[31m[1m^[
22m[39m[31m[1m^[22m[
39m[31m[1m^[22m[39m[
31m[1m^[22m[39m[31m[
1m^[22m[39m
[31m[1m>[22m[39m[90m
  94 |[39m
 [90m     |[39m [31m[
1m^[22m[39m[31m[1m^[
22m[39m[31m[1m^[22m[
39m[31m[1m^[22m[39m[
31m[1m^[22m[39m[31m[
1m^[22m[39m
[31m[1m>[22m[39m[90m
  95 |[39m             
{[90m/* Messages Area 
*/[39m}
 [90m     |[39m [31m[
1m^[22m[39m[31m[1m^[
22m[39m[31m[1m^[22m[
39m[31m[1m^[22m[39m[
31m[1m^[22m[39m[31m[
1m^[22m[39m
[31m[1m>[22m[39m[90m
  96 |[39m             
[33m<[39m[33mdiv[39m 
 [90m     |[39m [31m[
1m^[22m[39m[31m[1m^[
22m[39m[31m[1m^[22m[
39m[31m[1m^[22m[39m[
31m[1m^[22m[39m[31m[
1m^[22m[39m
[31m[1m>[22m[39m[90m
  97 |[39m              
 
ref[33m=[39m{scrollRef}
 [90m     |[39m [31m[
1m^[22m[39m[31m[1m^[
22m[39m[31m[1m^[22m[
39m[31m[1m^[22m[39m[
31m[1m^[22m[39m[31m[
1m^[22m[39m
[31m[1m>[22m[39m[90m
  98 |[39m              
 className[33m=[39m[32
m"flex-1 overflow-y-auto 
p-4 space-y-4 font-mono 
text-sm scrollbar-thin 
scrollbar-thumb-cyan/20 s
crollbar-track-transparen
t"[39m
 [90m     |[39m [31m[
1m^[22m[39m[31m[1m^[
22m[39m[31m[1m^[22m[
39m[31m[1m^[22m[39m[
31m[1m^[22m[39m[31m[
1m^[22m[39m
[31m[1m>[22m[39m[90m
  99 |[39m             
[33m>[39m
 [90m     |[39m [31m[
1m^[22m[39m[31m[1m^[
22m[39m[31m[1m^[22m[
39m[31m[1m^[22m[39m[
31m[1m^[22m[39m[31m[
1m^[22m[39m
[31m[1m>[22m[39m[90m
 100 |[39m              
 {messages[33m.[39mmap(
(msg[33m,[39m i) 
[33m=>[39m (
 [90m     |[39m [31m[
1m^[22m[39m[31m[1m^[
22m[39m[31m[1m^[22m[
39m[31m[1m^[22m[39m[
31m[1m^[22m[39m[31m[
1m^[22m[39m
[31m[1m>[22m[39m[90m
 101 |[39m              
   
[33m<[39m[33mdiv[39m
 [90m     |[39m [31m[
1m^[22m[39m[31m[1m^[
22m[39m[31m[1m^[22m[
39m[31m[1m^[22m[39m[
31m[1m^[22m[39m[31m[
1m^[22m[39m
[31m[1m>[22m[39m[90m
 102 |[39m              
     key[33m=[39m{i}
 [90m     |[39m [31m[
1m^[22m[39m[31m[1m^[
22m[39m[31m[1m^[22m[
39m[31m[1m^[22m[39m[
31m[1m^[22m[39m[31m[
1m^[22m[39m
[31m[1m>[22m[39m[90m
 103 |[39m              
     className[33m=[39m
{[32m`flex ${msg.role 
=== "user" ? 
"justify-end" : 
"justify-start"}`[39m}
 [90m     |[39m [31m[
1m^[22m[39m[31m[1m^[
22m[39m[31m[1m^[22m[
39m[31m[1m^[22m[39m[
31m[1m^[22m[39m[31m[
1m^[22m[39m
[31m[1m>[22m[39m[90m
 104 |[39m              
   [33m>[39m
 [90m     |[39m [31m[
1m^[22m[39m[31m[1m^[
22m[39m[31m[1m^[22m[
39m[31m[1m^[22m[39m[
31m[1m^[22m[39m[31m[
1m^[22m[39m
[31m[1m>[22m[39m[90m
 105 |[39m              
     
[33m<[39m[33mdiv[39m
 [90m     |[39m [31m[
1m^[22m[39m[31m[1m^[
22m[39m[31m[1m^[22m[
39m[31m[1m^[22m[39m[
31m[1m^[22m[39m[31m[
1m^[22m[39m
[31m[1m>[22m[39m[90m
 106 |[39m              
       className[33m=[3
9m{[32m`max-w-[85%] p-3 
rounded-lg border ${[39m
 [90m     |[39m [31m[
1m^[22m[39m[31m[1m^[
22m[39m[31m[1m^[22m[
39m[31m[1m^[22m[39m[
31m[1m^[22m[39m[31m[
1m^[22m[39m
[31m[1m>[22m[39m[90m
 107 |[39m [32m        
              msg.role 
=== "user"[39m
 [90m     |[39m [31m[
1m^[22m[39m[31m[1m^[
22m[39m[31m[1m^[22m[
39m[31m[1m^[22m[39m[
31m[1m^[22m[39m[31m[
1m^[22m[39m
[31m[1m>[22m[39m[90m
 108 |[39m [32m        
                ? 
"bg-cyan/10 
border-cyan/30 
text-cyan-50 
rounded-br-none"[39m
 [90m     |[39m [31m[
1m^[22m[39m[31m[1m^[
22m[39m[31m[1m^[22m[
39m[31m[1m^[22m[39m[
31m[1m^[22m[39m[31m[
1m^[22m[39m
[31m[1m>[22m[39m[90m
 109 |[39m [32m        
                : 
"bg-zinc-900/80 
border-zinc-800 
text-amder-50/90 
rounded-bl-none 
border-l-2 border-l-amber
-500/50"[39m
 [90m     |[39m [31m[
1m^[22m[39m[31m[1m^[
22m[39m[31m[1m^[22m[
39m[31m[1m^[22m[39m[
31m[1m^[22m[39m[31m[
1m^[22m[39m
[31m[1m>[22m[39m[90m
 110 |[39m [32m        
            }`[39m}
 [90m     |[39m [31m[
1m^[22m[39m[31m[1m^[
22m[39m[31m[1m^[22m[
39m[31m[1m^[22m[39m[
31m[1m^[22m[39m[31m[
1m^[22m[39m
[31m[1m>[22m[39m[90m
 111 |[39m              
     [33m>[39m
 [90m     |[39m [31m[
1m^[22m[39m[31m[1m^[
22m[39m[31m[1m^[22m[
39m[31m[1m^[22m[39m[
31m[1m^[22m[39m[31m[
1m^[22m[39m
[31m[1m>[22m[39m[90m
 112 |[39m              
       
{msg[33m.[39mrole 
[33m===[39m 
[32m"model"[39m 
[33m&&[39m (
 [90m     |[39m [31m[
1m^[22m[39m[31m[1m^[
22m[39m[31m[1m^[22m[
39m[31m[1m^[22m[39m[
31m[1m^[22m[39m[31m[
1m^[22m[39m
[31m[1m>[22m[39m[90m
 113 |[39m              
           [33m<[39m[3
3mspan[39m className[33
m=[39m[32m"block 
text-[10px] 
text-zinc-500 mb-1 
tracking-wider uppercase"
[39m[33m>[39m
 [90m     |[39m [31m[
1m^[22m[39m[31m[1m^[
22m[39m[31m[1m^[22m[
39m[31m[1m^[22m[39m[
31m[1m^[22m[39m[31m[
1m^[22m[39m
[31m[1m>[22m[39m[90m
 114 |[39m              
               
[33mAI_RESPONSE[39m
 [90m     |[39m [31m[
1m^[22m[39m[31m[1m^[
22m[39m[31m[1m^[22m[
39m[31m[1m^[22m[39m[
31m[1m^[22m[39m[31m[
1m^[22m[39m
[31m[1m>[22m[39m[90m
 115 |[39m              
           [33m<[39m[3
3m/[39m[33mspan[39m[3
3m>[39m
 [90m     |[39m [31m[
1m^[22m[39m[31m[1m^[
22m[39m[31m[1m^[22m[
39m[31m[1m^[22m[39m[
31m[1m^[22m[39m[31m[
1m^[22m[39m
[31m[1m>[22m[39m[90m
 116 |[39m              
       )}
 [90m     |[39m [31m[
1m^[22m[39m[31m[1m^[
22m[39m[31m[1m^[22m[
39m[31m[1m^[22m[39m[
31m[1m^[22m[39m[31m[
1m^[22m[39m
[31m[1m>[22m[39m[90m
 117 |[39m              
       
[33m<[39m[33mp[39m cl
assName[33m=[39m[32m"l
eading-relaxed whitespace
-pre-wrap"[39m[33m>[39
m{msg[33m.[39mtext}[33
m<[39m[33m/[39m[33mp
[39m[33m>[39m
 [90m     |[39m [31m[
1m^[22m[39m[31m[1m^[
22m[39m[31m[1m^[22m[
39m[31m[1m^[22m[39m[
31m[1m^[22m[39m[31m[
1m^[22m[39m
[31m[1m>[22m[39m[90m
 118 |[39m              
     [33m<[39m[33m/[3
9m[33mdiv[39m[33m>[39
m
 [90m     |[39m [31m[
1m^[22m[39m[31m[1m^[
22m[39m[31m[1m^[22m[
39m[31m[1m^[22m[39m[
31m[1m^[22m[39m[31m[
1m^[22m[39m
[31m[1m>[22m[39m[90m
 119 |[39m              
   [33m<[39m[33m/[39m
[33mdiv[39m[33m>[39m
 [90m     |[39m [31m[
1m^[22m[39m[31m[1m^[
22m[39m[31m[1m^[22m[
39m[31m[1m^[22m[39m[
31m[1m^[22m[39m[31m[
1m^[22m[39m
[31m[1m>[22m[39m[90m
 120 |[39m              
 ))}
 [90m     |[39m [31m[
1m^[22m[39m[31m[1m^[
22m[39m[31m[1m^[22m[
39m[31m[1m^[22m[39m[
31m[1m^[22m[39m[31m[
1m^[22m[39m
[31m[1m>[22m[39m[90m
 121 |[39m              
 
 [90m     |[39m [31m[
1m^[22m[39m[31m[1m^[
22m[39m[31m[1m^[22m[
39m[31m[1m^[22m[39m[
31m[1m^[22m[39m[31m[
1m^[22m[39m
[31m[1m>[22m[39m[90m
 122 |[39m              
 {isLoading [33m&&[39m 
(
 [90m     |[39m [31m[
1m^[22m[39m[31m[1m^[
22m[39m[31m[1m^[22m[
39m[31m[1m^[22m[39m[
31m[1m^[22m[39m[31m[
1m^[22m[39m
[31m[1m>[22m[39m[90m
 123 |[39m              
   
[33m<[39m[33mdiv[39m 
className[33m=[39m[32m
"flex justify-start"[39m
[33m>[39m
 [90m     |[39m [31m[
1m^[22m[39m[31m[1m^[
22m[39m[31m[1m^[22m[
39m[31m[1m^[22m[39m[
31m[1m^[22m[39m[31m[
1m^[22m[39m
[31m[1m>[22m[39m[90m
 124 |[39m              
     
[33m<[39m[33mdiv[39m 
className[33m=[39m[32m
"bg-zinc-900/50 border 
border-zinc-800 p-3 
rounded-lg 
rounded-bl-none flex 
items-center 
gap-2"[39m[33m>[39m
 [90m     |[39m [31m[
1m^[22m[39m[31m[1m^[
22m[39m[31m[1m^[22m[
39m[31m[1m^[22m[39m[
31m[1m^[22m[39m[31m[
1m^[22m[39m
[31m[1m>[22m[39m[90m
 125 |[39m              
       [33m<[39m[33mLo
ader2[39m className[33m
=[39m[32m"w-4 h-4 
text-cyan 
animate-spin"[39m 
[33m/[39m[33m>[39m
 [90m     |[39m [31m[
1m^[22m[39m[31m[1m^[
22m[39m[31m[1m^[22m[
39m[31m[1m^[22m[39m[
31m[1m^[22m[39m[31m[
1m^[22m[39m
[31m[1m>[22m[39m[90m
 126 |[39m              
       [33m<[39m[33msp
an[39m className[33m=[
39m[32m"text-xs 
text-zinc-500 animate-pul
se"[39m[33m>[39m[33mP
rocessing[39m [33mQuery
[39m[33m...[39m[33m<
[39m[33m/[39m[33mspan
[39m[33m>[39m
 [90m     |[39m [31m[
1m^[22m[39m[31m[1m^[
22m[39m[31m[1m^[22m[
39m[31m[1m^[22m[39m[
31m[1m^[22m[39m[31m[
1m^[22m[39m
[31m[1m>[22m[39m[90m
 127 |[39m              
     [33m<[39m[33m/[3
9m[33mdiv[39m[33m>[39
m
 [90m     |[39m [31m[
1m^[22m[39m[31m[1m^[
22m[39m[31m[1m^[22m[
39m[31m[1m^[22m[39m[
31m[1m^[22m[39m[31m[
1m^[22m[39m
[31m[1m>[22m[39m[90m
 128 |[39m              
   [33m<[39m[33m/[39m
[33mdiv[39m[33m>[39m
 [90m     |[39m [31m[
1m^[22m[39m[31m[1m^[
22m[39m[31m[1m^[22m[
39m[31m[1m^[22m[39m[
31m[1m^[22m[39m[31m[
1m^[22m[39m
[31m[1m>[22m[39m[90m
 129 |[39m              
 )}
 [90m     |[39m [31m[
1m^[22m[39m[31m[1m^[
22m[39m[31m[1m^[22m[
39m[31m[1m^[22m[39m[
31m[1m^[22m[39m[31m[
1m^[22m[39m
[31m[1m>[22m[39m[90m
 130 |[39m             
[33m<[39m[33m/[39m[33
mdiv[39m[33m>[39m
 [90m     |[39m [31m[
1m^[22m[39m[31m[1m^[
22m[39m[31m[1m^[22m[
39m[31m[1m^[22m[39m[
31m[1m^[22m[39m[31m[
1m^[22m[39m
[31m[1m>[22m[39m[90m
 131 |[39m
 [90m     |[39m [31m[
1m^[22m[39m[31m[1m^[
22m[39m[31m[1m^[22m[
39m[31m[1m^[22m[39m[
31m[1m^[22m[39m[31m[
1m^[22m[39m
[31m[1m>[22m[39m[90m
 132 |[39m             
{[90m/* Input Area 
*/[39m}
 [90m     |[39m [31m[
1m^[22m[39m[31m[1m^[
22m[39m[31m[1m^[22m[
39m[31m[1m^[22m[39m[
31m[1m^[22m[39m[31m[
1m^[22m[39m
[31m[1m>[22m[39m[90m
 133 |[39m             
[33m<[39m[33mform[39m 
onSubmit[33m=[39m{handl
eSubmit} className[33m=
[39m[32m"p-4 border-t 
border-cyan/20 bg-backgro
und/50"[39m[33m>[39m
 [90m     |[39m [31m[
1m^[22m[39m[31m[1m^[
22m[39m[31m[1m^[22m[
39m[31m[1m^[22m[39m[
31m[1m^[22m[39m[31m[
1m^[22m[39m
[31m[1m>[22m[39m[90m
 134 |[39m              
 
[33m<[39m[33mdiv[39m 
className[33m=[39m[32m
"relative flex 
items-center 
gap-2"[39m[33m>[39m
 [90m     |[39m [31m[
1m^[22m[39m[31m[1m^[
22m[39m[31m[1m^[22m[
39m[31m[1m^[22m[39m[
31m[1m^[22m[39m[31m[
1m^[22m[39m
[31m[1m>[22m[39m[90m
 135 |[39m              
   [33m<[39m[33mspan[
39m className[33m=[39m
[32m"text-cyan font-mono"
[39m[33m>[39m{[32m">"
[39m}[33m<[39m[33m/[
39m[33mspan[39m[33m>[
39m
 [90m     |[39m [31m[
1m^[22m[39m[31m[1m^[
22m[39m[31m[1m^[22m[
39m[31m[1m^[22m[39m[
31m[1m^[22m[39m[31m[
1m^[22m[39m
[31m[1m>[22m[39m[90m
 136 |[39m              
   [33m<[39m[33minput
[39m
 [90m     |[39m [31m[
1m^[22m[39m[31m[1m^[
22m[39m[31m[1m^[22m[
39m[31m[1m^[22m[39m[
31m[1m^[22m[39m[31m[
1m^[22m[39m
[31m[1m>[22m[39m[90m
 137 |[39m              
     type[33m=[39m[32m
"text"[39m
 [90m     |[39m [31m[
1m^[22m[39m[31m[1m^[
22m[39m[31m[1m^[22m[
39m[31m[1m^[22m[39m[
31m[1m^[22m[39m[31m[
1m^[22m[39m
[31m[1m>[22m[39m[90m
 138 |[39m              
     
value[33m=[39m{input}
 [90m     |[39m [31m[
1m^[22m[39m[31m[1m^[
22m[39m[31m[1m^[22m[
39m[31m[1m^[22m[39m[
31m[1m^[22m[39m[31m[
1m^[22m[39m
[31m[1m>[22m[39m[90m
 139 |[39m              
     
onChange[33m=[39m{(e) 
[33m=>[39m setInput(e[
33m.[39mtarget[33m.[39
mvalue)}
 [90m     |[39m [31m[
1m^[22m[39m[31m[1m^[
22m[39m[31m[1m^[22m[
39m[31m[1m^[22m[39m[
31m[1m^[22m[39m[31m[
1m^[22m[39m
[31m[1m>[22m[39m[90m
 140 |[39m              
     placeholder[33m=[3
9m[32m"Execute 
query..."[39m
 [90m     |[39m [31m[
1m^[22m[39m[31m[1m^[
22m[39m[31m[1m^[22m[
39m[31m[1m^[22m[39m[
31m[1m^[22m[39m[31m[
1m^[22m[39m
[31m[1m>[22m[39m[90m
 141 |[39m              
     className[33m=[39m
[32m"flex-1 
bg-transparent 
border-none outline-none 
font-mono text-sm 
text-foreground placehold
er:text-muted-foreground/
50 focus:ring-0"[39m
 [90m     |[39m [31m[
1m^[22m[39m[31m[1m^[
22m[39m[31m[1m^[22m[
39m[31m[1m^[22m[39m[
31m[1m^[22m[39m[31m[
1m^[22m[39m
[31m[1m>[22m[39m[90m
 142 |[39m              
   [33m/[39m[33m>[39m
 [90m     |[39m [31m[
1m^[22m[39m[31m[1m^[
22m[39m[31m[1m^[22m[
39m[31m[1m^[22m[39m[
31m[1m^[22m[39m[31m[
1m^[22m[39m
[31m[1m>[22m[39m[90m
 143 |[39m              
   [33m<[39m[33mbutton
[39m
 [90m     |[39m [31m[
1m^[22m[39m[31m[1m^[
22m[39m[31m[1m^[22m[
39m[31m[1m^[22m[39m[
31m[1m^[22m[39m[31m[
1m^[22m[39m
[31m[1m>[22m[39m[90m
 144 |[39m              
     type[33m=[39m[32m
"submit"[39m
 [90m     |[39m [31m[
1m^[22m[39m[31m[1m^[
22m[39m[31m[1m^[22m[
39m[31m[1m^[22m[39m[
31m[1m^[22m[39m[31m[
1m^[22m[39m
[31m[1m>[22m[39m[90m
 145 |[39m              
     disabled[33m=[39m{
isLoading [33m||[39m [
33m![39minput[33m.[39m
trim()}
 [90m     |[39m [31m[
1m^[22m[39m[31m[1m^[
22m[39m[31m[1m^[22m[
39m[31m[1m^[22m[39m[
31m[1m^[22m[39m[31m[
1m^[22m[39m
[31m[1m>[22m[39m[90m
 146 |[39m              
     className[33m=[39m
[32m"p-2 rounded-md 
hover:bg-cyan/10 
text-cyan 
disabled:opacity-50 
transition-colors"[39m
 [90m     |[39m [31m[
1m^[22m[39m[31m[1m^[
22m[39m[31m[1m^[22m[
39m[31m[1m^[22m[39m[
31m[1m^[22m[39m[31m[
1m^[22m[39m
[31m[1m>[22m[39m[90m
 147 |[39m              
   [33m>[39m
 [90m     |[39m [31m[
1m^[22m[39m[31m[1m^[
22m[39m[31m[1m^[22m[
39m[31m[1m^[22m[39m[
31m[1m^[22m[39m[31m[
1m^[22m[39m
[31m[1m>[22m[39m[90m
 148 |[39m              
     [33m<[39m[33mSend
[39m className[33m=[39
m[32m"w-4 h-4"[39m 
[33m/[39m[33m>[39m
 [90m     |[39m [31m[
1m^[22m[39m[31m[1m^[
22m[39m[31m[1m^[22m[
39m[31m[1m^[22m[39m[
31m[1m^[22m[39m[31m[
1m^[22m[39m
[31m[1m>[22m[39m[90m
 149 |[39m              
   [33m<[39m[33m/[39m
[33mbutton[39m[33m>[3
9m
 [90m     |[39m [31m[
1m^[22m[39m[31m[1m^[
22m[39m[31m[1m^[22m[
39m[31m[1m^[22m[39m[
31m[1m^[22m[39m[31m[
1m^[22m[39m
[31m[1m>[22m[39m[90m
 150 |[39m              
 [33m<[39m[33m/[39m[
33mdiv[39m[33m>[39m
 [90m     |[39m [31m[
1m^[22m[39m[31m[1m^[
22m[39m[31m[1m^[22m[
39m[31m[1m^[22m[39m[
31m[1m^[22m[39m[31m[
1m^[22m[39m
[31m[1m>[22m[39m[90m
 151 |[39m             
[33m<[39m[33m/[39m[33
mform[39m[33m>[39m
 [90m     |[39m [31m[
1m^[22m[39m[31m[1m^[
22m[39m[31m[1m^[22m[
39m[31m[1m^[22m[39m[
31m[1m^[22m[39m[31m[
1m^[22m[39m
[31m[1m>[22m[39m[90m
 152 |[39m           [3
3m<[39m[33m/[39m[33mm
otion[39m[33m.[39mdiv
[33m>[39m
 [90m     |[39m [31m[
1m^[22m[39m[31m[1m^[
22m[39m[31m[1m^[22m[
39m[31m[1m^[22m[39m[
31m[1m^[22m[39m[31m[
1m^[22m[39m
[31m[1m>[22m[39m[90m
 153 |[39m         )}
 [90m     |[39m [31m[
1m^[22m[39m[31m[1m^[
22m[39m[31m[1m^[22m[
39m[31m[1m^[22m[39m[
31m[1m^[22m[39m[31m[
1m^[22m[39m
[31m[1m>[22m[39m[90m
 154 |[39m       [33m<
[39m[33m/[39m[33mAnima
tePresence[39m[33m>[39
m
 [90m     |[39m [31m[
1m^[22m[39m[31m[1m^[
22m[39m[31m[1m^[22m[
39m[31m[1m^[22m[39m[
31m[1m^[22m[39m[31m[
1m^[22m[39m
[31m[1m>[22m[39m[90m
 155 |[39m     [33m<[3
9m[33m/[39m[33m>[39m
 [90m     |[39m [31m[
1m^[22m[39m[31m[1m^[
22m[39m[31m[1m^[22m[
39m[31m[1m^[22m[39m[
31m[1m^[22m[39m[31m[
1m^[22m[39m
[31m[1m>[22m[39m[90m
 156 |[39m   
)[33m;[39m
 [90m     |[39m [31m[
1m^[22m[39m[31m[1m^[
22m[39m[31m[1m^[22m[
39m[31m[1m^[22m[39m[
31m[1m^[22m[39m
 [90m 157 |[39m }
 [90m 158 |[39m[0m

Return statement is not 
allowed here

Import trace:
  Server Component:
    ./OneDrive - Iowa 
State University/Desktop/
MyPortfolio/components/ch
at-widget.tsx
    ./OneDrive - Iowa 
State University/Desktop/
MyPortfolio/app/layout.ts
x


./OneDrive - Iowa State U
niversity/Desktop/MyPortf
olio/components/chat-widg
et.tsx:36:22
Parsing ecmascript 
source code failed
[0m [90m 34 |[39m     
[36mtry[39m {
 [90m 35 |[39m       
[90m// Call the Server 
Action (Secure 
Backend)[39m
[31m[1m>[22m[39m[90m
 36 |[39m       
[36mconst[39m result 
[33m=[39m 
[36mawait[39m chatWithG
emini(userMsg)[33m;[39m
 [90m    |[39m         
             [31m[1m^[
22m[39m[31m[1m^[22m[
39m[31m[1m^[22m[39m[
31m[1m^[22m[39m[31m[
1m^[22m[39m
 [90m 37 |[39m
 [90m 38 |[39m       
[36mif[39m 
(result[33m.[39merror) 
{
 [90m 39 |[39m         
[36mthrow[39m 
[36mnew[39m [33mError
[39m(result[33m.[39merr
or)[33m;[39m[0m

await isn't allowed in 
non-async function

Import trace:
  Server Component:
    ./OneDrive - Iowa 
State University/Desktop/
MyPortfolio/components/ch
at-widget.tsx
    ./OneDrive - Iowa 
State University/Desktop/
MyPortfolio/app/layout.ts
x


    at <unknown> 
(./OneDrive - Iowa State 
University/Desktop/MyPort
folio/components/chat-wid
get.tsx:54:3)
    at <unknown> 
(./OneDrive - Iowa State 
University/Desktop/MyPort
folio/components/chat-wid
get.tsx:36:22)
