testing_redirect 
